
> calindarapp@0.0.1 build
> vite build

[36mvite v6.1.0 [32mbuilding SSR bundle for production...[36m[39m
transforming...
3:41:33 PM [vite-plugin-svelte] src/routes/(calendar)/calendar/+page.svelte:314:0 Buttons and links should either contain text or have an `aria-label` or `aria-labelledby` attribute
https://svelte.dev/e/a11y_consider_explicit_label
312: 
313: <!-- Floating Quick Add Button -->
314: <button
             ^
315:   onclick={() => openQuickAdd()}
316:   class="fixed bottom-24 right-6 z-40 flex h-16 w-16 items-center justify-center rounded-full bg-primary-600 shadow-xl shadow-primary-400/50 hover:bg-primary-700 hover:scale-105 transition-all"
3:41:33 PM [vite-plugin-svelte] src/routes/(calendar)/calendar/+page.svelte:327:2 Buttons and links should either contain text or have an `aria-label` or `aria-labelledby` attribute
https://svelte.dev/e/a11y_consider_explicit_label
325: {#if showModal}
326:   <div class="fixed inset-0 z-50 flex items-center justify-center p-4" transition:fade={{ duration: 100 }}>
327:     <button class="absolute inset-0 bg-black/40" onclick={close}></button>
                                                                               ^
328:     
329:     <div class="relative w-full max-w-lg max-h-[90vh] overflow-y-auto rounded-2xl bg-white shadow-2xl" transition:fly={{ y: 10, duration: 150 }}>
3:41:33 PM [vite-plugin-svelte] src/routes/(calendar)/calendar/+page.svelte:333:5 Buttons and links should either contain text or have an `aria-label` or `aria-labelledby` attribute
https://svelte.dev/e/a11y_consider_explicit_label
331:         <div class="flex items-center justify-between mb-4">
332:           <h2 class="text-lg font-bold text-slate-900">New Event</h2>
333:           <button type="button" onclick={close} class="text-slate-400 hover:text-slate-600">
                        ^
334:             <svg class="h-5 w-5" fill="none" viewBox="0 0 24 24" stroke="currentColor">
335:               <path stroke-linecap="round" stroke-linejoin="round" stroke-width="2" d="M6 18L18 6M6 6l12 12" />
3:41:33 PM [vite-plugin-svelte] src/routes/(calendar)/calendar/+page.svelte:348:7 Avoid using autofocus
https://svelte.dev/e/a11y_autofocus
346:               oninput={onNlInput}
347:               placeholder="Try: Lunch Friday at noon with John in Conference A"
348:               autofocus
                            ^
349:               class="w-full rounded-xl border-2 border-slate-200 bg-slate-50 px-4 py-3 pr-10 text-base placeholder:text-slate-400 focus:border-primary-500 focus:bg-white focus:outline-none"
350:             />
3:41:33 PM [vite-plugin-svelte] src/routes/(calendar)/calendar/+page.svelte:352:7 Buttons and links should either contain text or have an `aria-label` or `aria-labelledby` attribute
https://svelte.dev/e/a11y_consider_explicit_label
350:             />
351:             {#if nlInput}
352:               <button
                           ^
353:                 type="button"
354:                 onclick={() => { nlInput = ''; clearDetectedFields(); }}
3:41:33 PM [vite-plugin-svelte] src/routes/(calendar)/calendar/+page.svelte:385:6 A form label must be associated with a control
https://svelte.dev/e/a11y_label_has_associated_control
383:           <!-- Title - Always visible -->
384:           <div class="relative">
385:             <label class="flex items-center justify-between text-xs font-medium text-slate-500 mb-1">
                         ^
386:               <span>Title</span>
387:               {#if form.title.detected}
3:41:33 PM [vite-plugin-svelte] src/routes/(calendar)/calendar/+page.svelte:404:6 A form label must be associated with a control
https://svelte.dev/e/a11y_label_has_associated_control
402:           <!-- Date -->
403:           <div class="relative" class:hidden={!form.date.visible && !allFieldsVisible}>
404:             <label class="flex items-center text-xs font-medium text-slate-500 mb-1">
                         ^
405:               <span>Date</span>
406:             </label>
3:41:33 PM [vite-plugin-svelte] src/routes/(calendar)/calendar/+page.svelte:419:7 A form label must be associated with a control
https://svelte.dev/e/a11y_label_has_associated_control
417:             <!-- Start Time -->
418:             <div class="relative" class:hidden={!form.startTime.visible && !allFieldsVisible}>
419:               <label class="flex items-center text-xs font-medium text-slate-500 mb-1">
                           ^
420:                 <span>Start Time</span>
421:               </label>
3:41:33 PM [vite-plugin-svelte] src/routes/(calendar)/calendar/+page.svelte:432:7 A form label must be associated with a control
https://svelte.dev/e/a11y_label_has_associated_control
430:             <!-- End Time -->
431:             <div class="relative" class:hidden={!form.endTime.visible && !allFieldsVisible}>
432:               <label class="flex items-center text-xs font-medium text-slate-500 mb-1">
                           ^
433:                 <span>End Time</span>
434:               </label>
3:41:33 PM [vite-plugin-svelte] src/routes/(calendar)/calendar/+page.svelte:468:6 A form label must be associated with a control
https://svelte.dev/e/a11y_label_has_associated_control
466: <!-- Location -->
467:           <div class="relative" class:hidden={!form.location.visible && !allFieldsVisible}>
468:             <label class="flex items-center justify-between text-xs font-medium text-slate-500 mb-1">
                         ^
469:               <span>Location</span>
470:               {#if form.location.detected}
3:41:33 PM [vite-plugin-svelte] src/routes/(calendar)/calendar/+page.svelte:479:6 A form label must be associated with a control
https://svelte.dev/e/a11y_label_has_associated_control
477:           <!-- Description -->
478:           <div class="relative" class:hidden={!form.description.visible && !allFieldsVisible}>
479:             <label class="flex items-center justify-between text-xs font-medium text-slate-500 mb-1">
                         ^
480:               <span>Description</span>
481:             </label>
3:41:33 PM [vite-plugin-svelte] src/routes/(calendar)/calendar/+page.svelte:493:6 A form label must be associated with a control
https://svelte.dev/e/a11y_label_has_associated_control
491:           <!-- Attendants -->
492:           <div class="relative" class:hidden={!form.attendants.visible && !allFieldsVisible}>
493:             <label class="flex items-center justify-between text-xs font-medium text-slate-500 mb-1">
                         ^
494:               <span>Attendants</span>
495:               {#if form.attendants.detected}
3:41:33 PM [vite-plugin-svelte] src/routes/(calendar)/calendar/+page.svelte:555:6 A form label must be associated with a control
https://svelte.dev/e/a11y_label_has_associated_control
553:         {#if data.calendarIds && data.calendarIds.length > 1}
554:           <div class="relative" class:hidden={!allFieldsVisible}>
555:             <label class="flex items-center justify-between text-xs font-medium text-slate-500 mb-1">
                         ^
556:               <span>Calendar</span>
557:             </label>
3:41:33 PM [vite-plugin-svelte] src/routes/(family)/family/create/+page.svelte:102:5 A form label must be associated with a control
https://svelte.dev/e/a11y_label_has_associated_control
100: 
101:         <div class="space-y-3">
102:           <label class="block text-sm font-medium text-slate-700">Family Color</label>
                                                                                           ^
103:           <p class="text-xs text-slate-500">Pick a color to identify your family</p>
104: 
3:41:33 PM [vite-plugin-svelte] src/routes/(family)/family/[familyId]/+page.svelte:7:12 Component has unused export property 'form'. If it is for external reference only, please consider using `export const form`
https://svelte.dev/e/export_let_unused
 5:   import Breadcrumbs from '$lib/components/Breadcrumbs.svelte';
 6:   export let data: PageData;
 7:   export let form: ActionData;
                     ^
 8:   const { family, members, currentUserRole } = data;
 9:   
3:41:33 PM [vite-plugin-svelte] src/lib/components/calendar/Calendar.svelte:104:7 Buttons and links should either contain text or have an `aria-label` or `aria-labelledby` attribute
https://svelte.dev/e/a11y_consider_explicit_label
102:           <div class="absolute top-full left-0 z-20 mt-2 w-64 rounded-xl border border-slate-200 bg-white p-4 shadow-xl">
103:             <div class="mb-4 flex items-center justify-between">
104:               <button
                           ^
105:                 onclick={() => handleYearSelect(currentYear - 1)}
106:                 class="flex h-8 w-8 items-center justify-center rounded-lg text-slate-600 hover:bg-slate-100"
3:41:33 PM [vite-plugin-svelte] src/lib/components/calendar/Calendar.svelte:113:7 Buttons and links should either contain text or have an `aria-label` or `aria-labelledby` attribute
https://svelte.dev/e/a11y_consider_explicit_label
111:               </button>
112:               <span class="font-semibold text-slate-900">{currentYear}</span>
113:               <button
                           ^
114:                 onclick={() => handleYearSelect(currentYear + 1)}
115:                 class="flex h-8 w-8 items-center justify-center rounded-lg text-slate-600 hover:bg-slate-100"
3:41:34 PM [vite-plugin-svelte] src/lib/components/calendar/MonthView.svelte:16:12 Component has unused export property 'removeEvent'. If it is for external reference only, please consider using `export const removeEvent`
https://svelte.dev/e/export_let_unused
14:   export let currentDate: Writable<DateTime>;
15:   export let events: Event[];
16:   export let removeEvent: (id: string) => void;
                            ^
17:   export let preferedFirstDayOfWeek: string = 'Monday';
18: 
3:41:34 PM [vite-plugin-svelte] src/lib/components/calendar/ListView.svelte:9:12 Component has unused export property 'removeEvent'. If it is for external reference only, please consider using `export const removeEvent`
https://svelte.dev/e/export_let_unused
 7:   export let currentDate: Writable<DateTime>;
 8:   export let events: Event[];
 9:   export let removeEvent: (id: string) => void;
                            ^
10: 
11:   $: year = $currentDate.year;
3:41:34 PM [vite-plugin-svelte] src/lib/components/calendar/WeekView.svelte:9:12 Component has unused export property 'removeEvent'. If it is for external reference only, please consider using `export const removeEvent`
https://svelte.dev/e/export_let_unused
 7:   export let currentDate: Writable<DateTime>;
 8:   export let events: Event[];
 9:   export let removeEvent: (id: string) => void;
                            ^
10:   export let preferedFirstDayOfWeek: string = 'sunday';
11: 
3:41:34 PM [vite-plugin-svelte] src/lib/components/calendar/DateSelector.svelte:17:1 Buttons and links should either contain text or have an `aria-label` or `aria-labelledby` attribute
https://svelte.dev/e/a11y_consider_explicit_label
15: 
16: <div class="flex items-center space-x-4">
17:   <button class="rounded-full bg-gray-200 p-2 text-gray-800" on:click={prevMonth}>
               ^
18:     <svg
19:       xmlns="http://www.w3.org/2000/svg"
3:41:34 PM [vite-plugin-svelte] src/lib/components/calendar/DateSelector.svelte:32:1 Buttons and links should either contain text or have an `aria-label` or `aria-labelledby` attribute
https://svelte.dev/e/a11y_consider_explicit_label
30:     {$currentDate.toFormat('MMMM yyyy')}
31:   </h2>
32:   <button class="rounded-full bg-gray-200 p-2 text-gray-800" on:click={nextMonth}>
               ^
33:     <svg
34:       xmlns="http://www.w3.org/2000/svg"
"ilike" and "or" are imported from external module "drizzle-orm" but never used in "src/routes/(calendar)/account/verify-email/+page.server.ts", "src/routes/(family)/family/+page.server.ts", "src/routes/(family)/family/invitations/+page.server.ts", "src/routes/(calendar)/calendar/event/edit/[id]/+page.server.ts", "src/routes/(calendar)/calendar/settings/+page.server.ts", "src/routes/(calendar)/account/+page.server.ts", "src/routes/(marketing)/login/email/callback/+server.ts", "src/routes/api/family/invite/+server.ts", "src/routes/(calendar)/calendar/archive/+page.server.ts", "src/routes/(marketing)/signup/email/code/+server.ts", "src/routes/(family)/family/[familyId]/+page.server.ts", "src/routes/(family)/family/[familyId]/members/add/direct/+server.ts", "src/routes/(calendar)/calendar/event/new/+page.server.ts", "src/lib/server/db/actions/calendar.ts", "src/lib/server/db/actions/userSettings.ts", "src/lib/server/db/actions/accounts.ts", "src/lib/server/db/actions/users.ts", "src/lib/server/db/actions/codes.ts", "src/lib/server/db/actions/families.ts", "src/lib/server/services/subscriptionService.ts", "src/lib/server/db/actions/events.ts", "src/routes/(marketing)/signup/email/callback/+server.ts", "src/routes/(calendar)/calendar/event/[id]/+page.server.ts", "src/lib/server/db/schema.ts", "src/routes/(family)/family/[familyId]/members/add/+page.server.ts", "src/lib/server/services/analyticsService.ts", "src/lib/server/services/discountService.ts", "src/lib/server/services/checkoutService.ts", "src/lib/server/services/adService.ts" and "src/routes/(calendar)/calendar/+page.server.ts".
"serial" is imported from external module "drizzle-orm/pg-core" but never used in "src/lib/server/db/schema.ts".
[32mΓ£ô[39m 265 modules transformed.
Generated an empty chunk: "entries/pages/(marketing)/_page.server.ts".
Generated an empty chunk: "entries/pages/(marketing)/contact/_page.server.ts".
Generated an empty chunk: "entries/pages/api/family/create/_page.server.ts".
rendering chunks...
[36mvite v6.1.0 [32mbuilding for production...[36m[39m
transforming...
3:41:38 PM [vite-plugin-svelte] src/routes/(calendar)/calendar/+page.svelte:314:0 Buttons and links should either contain text or have an `aria-label` or `aria-labelledby` attribute
https://svelte.dev/e/a11y_consider_explicit_label
312: 
313: <!-- Floating Quick Add Button -->
314: <button
             ^
315:   onclick={() => openQuickAdd()}
316:   class="fixed bottom-24 right-6 z-40 flex h-16 w-16 items-center justify-center rounded-full bg-primary-600 shadow-xl shadow-primary-400/50 hover:bg-primary-700 hover:scale-105 transition-all"
3:41:38 PM [vite-plugin-svelte] src/routes/(calendar)/calendar/+page.svelte:327:2 Buttons and links should either contain text or have an `aria-label` or `aria-labelledby` attribute
https://svelte.dev/e/a11y_consider_explicit_label
325: {#if showModal}
326:   <div class="fixed inset-0 z-50 flex items-center justify-center p-4" transition:fade={{ duration: 100 }}>
327:     <button class="absolute inset-0 bg-black/40" onclick={close}></button>
                                                                               ^
328:     
329:     <div class="relative w-full max-w-lg max-h-[90vh] overflow-y-auto rounded-2xl bg-white shadow-2xl" transition:fly={{ y: 10, duration: 150 }}>
3:41:38 PM [vite-plugin-svelte] src/routes/(calendar)/calendar/+page.svelte:333:5 Buttons and links should either contain text or have an `aria-label` or `aria-labelledby` attribute
https://svelte.dev/e/a11y_consider_explicit_label
331:         <div class="flex items-center justify-between mb-4">
332:           <h2 class="text-lg font-bold text-slate-900">New Event</h2>
333:           <button type="button" onclick={close} class="text-slate-400 hover:text-slate-600">
                        ^
334:             <svg class="h-5 w-5" fill="none" viewBox="0 0 24 24" stroke="currentColor">
335:               <path stroke-linecap="round" stroke-linejoin="round" stroke-width="2" d="M6 18L18 6M6 6l12 12" />
3:41:38 PM [vite-plugin-svelte] src/routes/(calendar)/calendar/+page.svelte:348:7 Avoid using autofocus
https://svelte.dev/e/a11y_autofocus
346:               oninput={onNlInput}
347:               placeholder="Try: Lunch Friday at noon with John in Conference A"
348:               autofocus
                            ^
349:               class="w-full rounded-xl border-2 border-slate-200 bg-slate-50 px-4 py-3 pr-10 text-base placeholder:text-slate-400 focus:border-primary-500 focus:bg-white focus:outline-none"
350:             />
3:41:38 PM [vite-plugin-svelte] src/routes/(calendar)/calendar/+page.svelte:352:7 Buttons and links should either contain text or have an `aria-label` or `aria-labelledby` attribute
https://svelte.dev/e/a11y_consider_explicit_label
350:             />
351:             {#if nlInput}
352:               <button
                           ^
353:                 type="button"
354:                 onclick={() => { nlInput = ''; clearDetectedFields(); }}
3:41:38 PM [vite-plugin-svelte] src/routes/(calendar)/calendar/+page.svelte:385:6 A form label must be associated with a control
https://svelte.dev/e/a11y_label_has_associated_control
383:           <!-- Title - Always visible -->
384:           <div class="relative">
385:             <label class="flex items-center justify-between text-xs font-medium text-slate-500 mb-1">
                         ^
386:               <span>Title</span>
387:               {#if form.title.detected}
3:41:38 PM [vite-plugin-svelte] src/routes/(calendar)/calendar/+page.svelte:404:6 A form label must be associated with a control
https://svelte.dev/e/a11y_label_has_associated_control
402:           <!-- Date -->
403:           <div class="relative" class:hidden={!form.date.visible && !allFieldsVisible}>
404:             <label class="flex items-center text-xs font-medium text-slate-500 mb-1">
                         ^
405:               <span>Date</span>
406:             </label>
3:41:38 PM [vite-plugin-svelte] src/routes/(calendar)/calendar/+page.svelte:419:7 A form label must be associated with a control
https://svelte.dev/e/a11y_label_has_associated_control
417:             <!-- Start Time -->
418:             <div class="relative" class:hidden={!form.startTime.visible && !allFieldsVisible}>
419:               <label class="flex items-center text-xs font-medium text-slate-500 mb-1">
                           ^
420:                 <span>Start Time</span>
421:               </label>
3:41:38 PM [vite-plugin-svelte] src/routes/(calendar)/calendar/+page.svelte:432:7 A form label must be associated with a control
https://svelte.dev/e/a11y_label_has_associated_control
430:             <!-- End Time -->
431:             <div class="relative" class:hidden={!form.endTime.visible && !allFieldsVisible}>
432:               <label class="flex items-center text-xs font-medium text-slate-500 mb-1">
                           ^
433:                 <span>End Time</span>
434:               </label>
3:41:38 PM [vite-plugin-svelte] src/routes/(calendar)/calendar/+page.svelte:468:6 A form label must be associated with a control
https://svelte.dev/e/a11y_label_has_associated_control
466: <!-- Location -->
467:           <div class="relative" class:hidden={!form.location.visible && !allFieldsVisible}>
468:             <label class="flex items-center justify-between text-xs font-medium text-slate-500 mb-1">
                         ^
469:               <span>Location</span>
470:               {#if form.location.detected}
3:41:38 PM [vite-plugin-svelte] src/routes/(calendar)/calendar/+page.svelte:479:6 A form label must be associated with a control
https://svelte.dev/e/a11y_label_has_associated_control
477:           <!-- Description -->
478:           <div class="relative" class:hidden={!form.description.visible && !allFieldsVisible}>
479:             <label class="flex items-center justify-between text-xs font-medium text-slate-500 mb-1">
                         ^
480:               <span>Description</span>
481:             </label>
3:41:38 PM [vite-plugin-svelte] src/routes/(calendar)/calendar/+page.svelte:493:6 A form label must be associated with a control
https://svelte.dev/e/a11y_label_has_associated_control
491:           <!-- Attendants -->
492:           <div class="relative" class:hidden={!form.attendants.visible && !allFieldsVisible}>
493:             <label class="flex items-center justify-between text-xs font-medium text-slate-500 mb-1">
                         ^
494:               <span>Attendants</span>
495:               {#if form.attendants.detected}
3:41:38 PM [vite-plugin-svelte] src/routes/(calendar)/calendar/+page.svelte:555:6 A form label must be associated with a control
https://svelte.dev/e/a11y_label_has_associated_control
553:         {#if data.calendarIds && data.calendarIds.length > 1}
554:           <div class="relative" class:hidden={!allFieldsVisible}>
555:             <label class="flex items-center justify-between text-xs font-medium text-slate-500 mb-1">
                         ^
556:               <span>Calendar</span>
557:             </label>
3:41:38 PM [vite-plugin-svelte] src/routes/(family)/family/[familyId]/+page.svelte:7:12 Component has unused export property 'form'. If it is for external reference only, please consider using `export const form`
https://svelte.dev/e/export_let_unused
 5:   import Breadcrumbs from '$lib/components/Breadcrumbs.svelte';
 6:   export let data: PageData;
 7:   export let form: ActionData;
                     ^
 8:   const { family, members, currentUserRole } = data;
 9:   
3:41:38 PM [vite-plugin-svelte] src/routes/(family)/family/create/+page.svelte:102:5 A form label must be associated with a control
https://svelte.dev/e/a11y_label_has_associated_control
100: 
101:         <div class="space-y-3">
102:           <label class="block text-sm font-medium text-slate-700">Family Color</label>
                                                                                           ^
103:           <p class="text-xs text-slate-500">Pick a color to identify your family</p>
104: 
3:41:38 PM [vite-plugin-svelte] src/lib/components/calendar/Calendar.svelte:104:7 Buttons and links should either contain text or have an `aria-label` or `aria-labelledby` attribute
https://svelte.dev/e/a11y_consider_explicit_label
102:           <div class="absolute top-full left-0 z-20 mt-2 w-64 rounded-xl border border-slate-200 bg-white p-4 shadow-xl">
103:             <div class="mb-4 flex items-center justify-between">
104:               <button
                           ^
105:                 onclick={() => handleYearSelect(currentYear - 1)}
106:                 class="flex h-8 w-8 items-center justify-center rounded-lg text-slate-600 hover:bg-slate-100"
3:41:38 PM [vite-plugin-svelte] src/lib/components/calendar/Calendar.svelte:113:7 Buttons and links should either contain text or have an `aria-label` or `aria-labelledby` attribute
https://svelte.dev/e/a11y_consider_explicit_label
111:               </button>
112:               <span class="font-semibold text-slate-900">{currentYear}</span>
113:               <button
                           ^
114:                 onclick={() => handleYearSelect(currentYear + 1)}
115:                 class="flex h-8 w-8 items-center justify-center rounded-lg text-slate-600 hover:bg-slate-100"
3:41:38 PM [vite-plugin-svelte] src/lib/components/calendar/MonthView.svelte:16:12 Component has unused export property 'removeEvent'. If it is for external reference only, please consider using `export const removeEvent`
https://svelte.dev/e/export_let_unused
14:   export let currentDate: Writable<DateTime>;
15:   export let events: Event[];
16:   export let removeEvent: (id: string) => void;
                            ^
17:   export let preferedFirstDayOfWeek: string = 'Monday';
18: 
3:41:38 PM [vite-plugin-svelte] src/lib/components/calendar/ListView.svelte:9:12 Component has unused export property 'removeEvent'. If it is for external reference only, please consider using `export const removeEvent`
https://svelte.dev/e/export_let_unused
 7:   export let currentDate: Writable<DateTime>;
 8:   export let events: Event[];
 9:   export let removeEvent: (id: string) => void;
                            ^
10: 
11:   $: year = $currentDate.year;
3:41:38 PM [vite-plugin-svelte] src/lib/components/calendar/WeekView.svelte:9:12 Component has unused export property 'removeEvent'. If it is for external reference only, please consider using `export const removeEvent`
https://svelte.dev/e/export_let_unused
 7:   export let currentDate: Writable<DateTime>;
 8:   export let events: Event[];
 9:   export let removeEvent: (id: string) => void;
                            ^
10:   export let preferedFirstDayOfWeek: string = 'sunday';
11: 
3:41:38 PM [vite-plugin-svelte] src/lib/components/calendar/DateSelector.svelte:17:1 Buttons and links should either contain text or have an `aria-label` or `aria-labelledby` attribute
https://svelte.dev/e/a11y_consider_explicit_label
15: 
16: <div class="flex items-center space-x-4">
17:   <button class="rounded-full bg-gray-200 p-2 text-gray-800" on:click={prevMonth}>
               ^
18:     <svg
19:       xmlns="http://www.w3.org/2000/svg"
3:41:38 PM [vite-plugin-svelte] src/lib/components/calendar/DateSelector.svelte:32:1 Buttons and links should either contain text or have an `aria-label` or `aria-labelledby` attribute
https://svelte.dev/e/a11y_consider_explicit_label
30:     {$currentDate.toFormat('MMMM yyyy')}
31:   </h2>
32:   <button class="rounded-full bg-gray-200 p-2 text-gray-800" on:click={nextMonth}>
               ^
33:     <svg
34:       xmlns="http://www.w3.org/2000/svg"
[32mΓ£ô[39m 224 modules transformed.
rendering chunks...
computing gzip size...
[2m.svelte-kit/output/client/[22m[32m_app/version.json                          [39m[1m[2m 0.03 kB[22m[1m[22m[2m Γöé gzip:  0.05 kB[22m
[2m.svelte-kit/output/client/[22m[32m.vite/manifest.json                        [39m[1m[2m20.63 kB[22m[1m[22m[2m Γöé gzip:  1.85 kB[22m
[2m.svelte-kit/output/client/[22m[35m_app/immutable/assets/Navbar.ewGUE9zu.css  [39m[1m[2m44.00 kB[22m[1m[22m[2m Γöé gzip:  7.19 kB[22m
[2m.svelte-kit/output/client/[22m[36m_app/immutable/chunks/B4L3BB9R.js          [39m[1m[2m 0.04 kB[22m[1m[22m[2m Γöé gzip:  0.06 kB[22m
[2m.svelte-kit/output/client/[22m[36m_app/immutable/entry/start.D_R_jlfq.js     [39m[1m[2m 0.06 kB[22m[1m[22m[2m Γöé gzip:  0.08 kB[22m
[2m.svelte-kit/output/client/[22m[36m_app/immutable/nodes/0.c-fmOrgD.js         [39m[1m[2m 0.07 kB[22m[1m[22m[2m Γöé gzip:  0.08 kB[22m
[2m.svelte-kit/output/client/[22m[36m_app/immutable/nodes/2.c-fmOrgD.js         [39m[1m[2m 0.07 kB[22m[1m[22m[2m Γöé gzip:  0.08 kB[22m
[2m.svelte-kit/output/client/[22m[36m_app/immutable/chunks/BXDqBR_s.js          [39m[1m[2m 0.11 kB[22m[1m[22m[2m Γöé gzip:  0.12 kB[22m
[2m.svelte-kit/output/client/[22m[36m_app/immutable/chunks/CWmzcjye.js          [39m[1m[2m 0.12 kB[22m[1m[22m[2m Γöé gzip:  0.12 kB[22m
[2m.svelte-kit/output/client/[22m[36m_app/immutable/chunks/DJXbXrGr.js          [39m[1m[2m 0.25 kB[22m[1m[22m[2m Γöé gzip:  0.18 kB[22m
[2m.svelte-kit/output/client/[22m[36m_app/immutable/chunks/DE3SDvYh.js          [39m[1m[2m 0.37 kB[22m[1m[22m[2m Γöé gzip:  0.27 kB[22m
[2m.svelte-kit/output/client/[22m[36m_app/immutable/chunks/DLtAXwrM.js          [39m[1m[2m 0.49 kB[22m[1m[22m[2m Γöé gzip:  0.34 kB[22m
[2m.svelte-kit/output/client/[22m[36m_app/immutable/chunks/CM1jp4OH.js          [39m[1m[2m 0.52 kB[22m[1m[22m[2m Γöé gzip:  0.33 kB[22m
[2m.svelte-kit/output/client/[22m[36m_app/immutable/chunks/BUe471gy.js          [39m[1m[2m 0.53 kB[22m[1m[22m[2m Γöé gzip:  0.32 kB[22m
[2m.svelte-kit/output/client/[22m[36m_app/immutable/chunks/CTruu5U3.js          [39m[1m[2m 0.62 kB[22m[1m[22m[2m Γöé gzip:  0.28 kB[22m
[2m.svelte-kit/output/client/[22m[36m_app/immutable/chunks/BR2DXQnM.js          [39m[1m[2m 0.64 kB[22m[1m[22m[2m Γöé gzip:  0.39 kB[22m
[2m.svelte-kit/output/client/[22m[36m_app/immutable/chunks/CZvahMo7.js          [39m[1m[2m 0.80 kB[22m[1m[22m[2m Γöé gzip:  0.52 kB[22m
[2m.svelte-kit/output/client/[22m[36m_app/immutable/nodes/1.DPzbZozR.js         [39m[1m[2m 0.83 kB[22m[1m[22m[2m Γöé gzip:  0.50 kB[22m
[2m.svelte-kit/output/client/[22m[36m_app/immutable/chunks/EqVs6H7m.js          [39m[1m[2m 0.87 kB[22m[1m[22m[2m Γöé gzip:  0.46 kB[22m
[2m.svelte-kit/output/client/[22m[36m_app/immutable/chunks/lDAobJEO.js          [39m[1m[2m 0.95 kB[22m[1m[22m[2m Γöé gzip:  0.55 kB[22m
[2m.svelte-kit/output/client/[22m[36m_app/immutable/nodes/4.B7PIsAnT.js         [39m[1m[2m 1.05 kB[22m[1m[22m[2m Γöé gzip:  0.62 kB[22m
[2m.svelte-kit/output/client/[22m[36m_app/immutable/nodes/5.5M2xZs0a.js         [39m[1m[2m 1.38 kB[22m[1m[22m[2m Γöé gzip:  0.83 kB[22m
[2m.svelte-kit/output/client/[22m[36m_app/immutable/chunks/CUbFrmDD.js          [39m[1m[2m 1.50 kB[22m[1m[22m[2m Γöé gzip:  0.79 kB[22m
[2m.svelte-kit/output/client/[22m[36m_app/immutable/chunks/5J7wFgcz.js          [39m[1m[2m 1.56 kB[22m[1m[22m[2m Γöé gzip:  0.88 kB[22m
[2m.svelte-kit/output/client/[22m[36m_app/immutable/chunks/BVXd8KYs.js          [39m[1m[2m 1.66 kB[22m[1m[22m[2m Γöé gzip:  0.91 kB[22m
[2m.svelte-kit/output/client/[22m[36m_app/immutable/chunks/VRx4AmAB.js          [39m[1m[2m 1.72 kB[22m[1m[22m[2m Γöé gzip:  0.84 kB[22m
[2m.svelte-kit/output/client/[22m[36m_app/immutable/nodes/3.PUnkTGj-.js         [39m[1m[2m 1.73 kB[22m[1m[22m[2m Γöé gzip:  0.95 kB[22m
[2m.svelte-kit/output/client/[22m[36m_app/immutable/chunks/B5RTtJY7.js          [39m[1m[2m 2.73 kB[22m[1m[22m[2m Γöé gzip:  1.34 kB[22m
[2m.svelte-kit/output/client/[22m[36m_app/immutable/nodes/9.CzskgAz9.js         [39m[1m[2m 2.74 kB[22m[1m[22m[2m Γöé gzip:  1.37 kB[22m
[2m.svelte-kit/output/client/[22m[36m_app/immutable/nodes/23.rcNfiu8L.js        [39m[1m[2m 3.14 kB[22m[1m[22m[2m Γöé gzip:  1.55 kB[22m
[2m.svelte-kit/output/client/[22m[36m_app/immutable/chunks/CcT_kren.js          [39m[1m[2m 3.23 kB[22m[1m[22m[2m Γöé gzip:  1.65 kB[22m
[2m.svelte-kit/output/client/[22m[36m_app/immutable/nodes/7.CPaT9y_O.js         [39m[1m[2m 3.45 kB[22m[1m[22m[2m Γöé gzip:  1.58 kB[22m
[2m.svelte-kit/output/client/[22m[36m_app/immutable/chunks/Dm6m5Ab5.js          [39m[1m[2m 3.65 kB[22m[1m[22m[2m Γöé gzip:  1.82 kB[22m
[2m.svelte-kit/output/client/[22m[36m_app/immutable/nodes/20.3Uy-OMTY.js        [39m[1m[2m 4.14 kB[22m[1m[22m[2m Γöé gzip:  1.65 kB[22m
[2m.svelte-kit/output/client/[22m[36m_app/immutable/nodes/16.BMPW5gYF.js        [39m[1m[2m 4.33 kB[22m[1m[22m[2m Γöé gzip:  1.95 kB[22m
[2m.svelte-kit/output/client/[22m[36m_app/immutable/nodes/14.C2jgAy9t.js        [39m[1m[2m 4.34 kB[22m[1m[22m[2m Γöé gzip:  1.73 kB[22m
[2m.svelte-kit/output/client/[22m[36m_app/immutable/chunks/Do7PhW_N.js          [39m[1m[2m 4.50 kB[22m[1m[22m[2m Γöé gzip:  2.15 kB[22m
[2m.svelte-kit/output/client/[22m[36m_app/immutable/nodes/15.Bvks5ztI.js        [39m[1m[2m 5.74 kB[22m[1m[22m[2m Γöé gzip:  2.60 kB[22m
[2m.svelte-kit/output/client/[22m[36m_app/immutable/nodes/27.BoK2fKs0.js        [39m[1m[2m 6.05 kB[22m[1m[22m[2m Γöé gzip:  2.49 kB[22m
[2m.svelte-kit/output/client/[22m[36m_app/immutable/nodes/21.Qh8SjC8S.js        [39m[1m[2m 6.61 kB[22m[1m[22m[2m Γöé gzip:  2.55 kB[22m
[2m.svelte-kit/output/client/[22m[36m_app/immutable/nodes/22.DnxPgp-V.js        [39m[1m[2m 6.91 kB[22m[1m[22m[2m Γöé gzip:  2.66 kB[22m
[2m.svelte-kit/output/client/[22m[36m_app/immutable/nodes/24.BckHXZKt.js        [39m[1m[2m 6.93 kB[22m[1m[22m[2m Γöé gzip:  2.52 kB[22m
[2m.svelte-kit/output/client/[22m[36m_app/immutable/nodes/11.Bk0ox34M.js        [39m[1m[2m 7.58 kB[22m[1m[22m[2m Γöé gzip:  2.62 kB[22m
[2m.svelte-kit/output/client/[22m[36m_app/immutable/chunks/C-7pjV5F.js          [39m[1m[2m 7.73 kB[22m[1m[22m[2m Γöé gzip:  3.11 kB[22m
[2m.svelte-kit/output/client/[22m[36m_app/immutable/nodes/12.D4DRVvk_.js        [39m[1m[2m 7.84 kB[22m[1m[22m[2m Γöé gzip:  2.81 kB[22m
[2m.svelte-kit/output/client/[22m[36m_app/immutable/nodes/17.DP-Q85ZE.js        [39m[1m[2m 8.35 kB[22m[1m[22m[2m Γöé gzip:  3.09 kB[22m
[2m.svelte-kit/output/client/[22m[36m_app/immutable/nodes/18.Db-W9CLW.js        [39m[1m[2m 9.24 kB[22m[1m[22m[2m Γöé gzip:  3.29 kB[22m
[2m.svelte-kit/output/client/[22m[36m_app/immutable/nodes/10.ozxdnqYr.js        [39m[1m[2m 9.45 kB[22m[1m[22m[2m Γöé gzip:  3.21 kB[22m
[2m.svelte-kit/output/client/[22m[36m_app/immutable/nodes/26.BX8L8IDD.js        [39m[1m[2m 9.68 kB[22m[1m[22m[2m Γöé gzip:  2.90 kB[22m
[2m.svelte-kit/output/client/[22m[36m_app/immutable/entry/app.DJhCshXk.js       [39m[1m[2m11.89 kB[22m[1m[22m[2m Γöé gzip:  4.21 kB[22m
[2m.svelte-kit/output/client/[22m[36m_app/immutable/nodes/6.C3u5cSHX.js         [39m[1m[2m14.37 kB[22m[1m[22m[2m Γöé gzip:  4.99 kB[22m
[2m.svelte-kit/output/client/[22m[36m_app/immutable/nodes/25.CW5_Eq1N.js        [39m[1m[2m14.56 kB[22m[1m[22m[2m Γöé gzip:  2.89 kB[22m
[2m.svelte-kit/output/client/[22m[36m_app/immutable/nodes/13.DyZqSV-t.js        [39m[1m[2m15.41 kB[22m[1m[22m[2m Γöé gzip:  4.85 kB[22m
[2m.svelte-kit/output/client/[22m[36m_app/immutable/nodes/19.mA4FSqpQ.js        [39m[1m[2m18.47 kB[22m[1m[22m[2m Γöé gzip:  4.65 kB[22m
[2m.svelte-kit/output/client/[22m[36m_app/immutable/chunks/9FK-Z1FU.js          [39m[1m[2m26.43 kB[22m[1m[22m[2m Γöé gzip: 10.30 kB[22m
[2m.svelte-kit/output/client/[22m[36m_app/immutable/chunks/BDxaf8tg.js          [39m[1m[2m37.44 kB[22m[1m[22m[2m Γöé gzip: 14.62 kB[22m
[2m.svelte-kit/output/client/[22m[36m_app/immutable/nodes/8.ue-yinj3.js         [39m[1m[2m44.40 kB[22m[1m[22m[2m Γöé gzip: 13.42 kB[22m
[2m.svelte-kit/output/client/[22m[36m_app/immutable/chunks/BDQ5ptpc.js          [39m[1m[2m69.52 kB[22m[1m[22m[2m Γöé gzip: 21.58 kB[22m
[32mΓ£ô built in 1.85s[39m
[2m.svelte-kit/output/server/[22m[32m.vite/manifest.json                                                                    [39m[1m[2m 31.86 kB[22m[1m[22m
[2m.svelte-kit/output/server/[22m[35m_app/immutable/assets/Navbar.BjK8vWEp.css                                              [39m[1m[2m 43.71 kB[22m[1m[22m
[2m.svelte-kit/output/server/[22m[36mentries/pages/(marketing)/_page.server.ts.js                                           [39m[1m[2m  0.00 kB[22m[1m[22m
[2m.svelte-kit/output/server/[22m[36mentries/pages/(marketing)/contact/_page.server.ts.js                                   [39m[1m[2m  0.00 kB[22m[1m[22m
[2m.svelte-kit/output/server/[22m[36mentries/pages/api/family/create/_page.server.ts.js                                     [39m[1m[2m  0.00 kB[22m[1m[22m
[2m.svelte-kit/output/server/[22m[36mchunks/getUrl.js                                                                       [39m[1m[2m  0.11 kB[22m[1m[22m
[2m.svelte-kit/output/server/[22m[36mentries/pages/(marketing)/login/_page.server.ts.js                                     [39m[1m[2m  0.11 kB[22m[1m[22m
[2m.svelte-kit/output/server/[22m[36mentries/pages/(marketing)/signup/_page.server.ts.js                                    [39m[1m[2m  0.14 kB[22m[1m[22m
[2m.svelte-kit/output/server/[22m[36mentries/pages/(calendar)/account/_layout.server.ts.js                                  [39m[1m[2m  0.20 kB[22m[1m[22m
[2m.svelte-kit/output/server/[22m[36mentries/pages/(family)/_layout.server.ts.js                                            [39m[1m[2m  0.28 kB[22m[1m[22m
[2m.svelte-kit/output/server/[22m[36mchunks/private.js                                                                      [39m[1m[2m  0.28 kB[22m[1m[22m
[2m.svelte-kit/output/server/[22m[36mchunks/password.js                                                                     [39m[1m[2m  0.29 kB[22m[1m[22m
[2m.svelte-kit/output/server/[22m[36minternal.js                                                                            [39m[1m[2m  0.31 kB[22m[1m[22m
[2m.svelte-kit/output/server/[22m[36mentries/pages/(marketing)/_layout.server.ts.js                                         [39m[1m[2m  0.36 kB[22m[1m[22m
[2m.svelte-kit/output/server/[22m[36mentries/endpoints/api/logout/_server.ts.js                                             [39m[1m[2m  0.39 kB[22m[1m[22m
[2m.svelte-kit/output/server/[22m[36mchunks/sendEmail.js                                                                    [39m[1m[2m  0.39 kB[22m[1m[22m
[2m.svelte-kit/output/server/[22m[36mchunks/accounts.js                                                                     [39m[1m[2m  0.43 kB[22m[1m[22m
[2m.svelte-kit/output/server/[22m[36mentries/pages/(calendar)/calendar/_layout.server.ts.js                                 [39m[1m[2m  0.44 kB[22m[1m[22m
[2m.svelte-kit/output/server/[22m[36mentries/endpoints/(calendar)/calendar/setUserDefaultTimeZone/_server.ts.js             [39m[1m[2m  0.48 kB[22m[1m[22m
[2m.svelte-kit/output/server/[22m[36mentries/pages/(family)/family/_familyId_/members/add/_page.server.ts.js                [39m[1m[2m  0.52 kB[22m[1m[22m
[2m.svelte-kit/output/server/[22m[36mchunks/escaping.js                                                                     [39m[1m[2m  0.53 kB[22m[1m[22m
[2m.svelte-kit/output/server/[22m[36mentries/pages/(marketing)/family/join/_code_/_page.server.ts.js                        [39m[1m[2m  0.53 kB[22m[1m[22m
[2m.svelte-kit/output/server/[22m[36mchunks/attributes.js                                                                   [39m[1m[2m  0.54 kB[22m[1m[22m
[2m.svelte-kit/output/server/[22m[36mchunks/stores.js                                                                       [39m[1m[2m  0.56 kB[22m[1m[22m
[2m.svelte-kit/output/server/[22m[36mentries/pages/(family)/family/_page.server.ts.js                                       [39m[1m[2m  0.58 kB[22m[1m[22m
[2m.svelte-kit/output/server/[22m[36mentries/fallbacks/layout.svelte.js                                                     [39m[1m[2m  0.58 kB[22m[1m[22m
[2m.svelte-kit/output/server/[22m[36mentries/pages/(family)/family/invitations/_page.server.ts.js                           [39m[1m[2m  0.61 kB[22m[1m[22m
[2m.svelte-kit/output/server/[22m[36mchunks/auth.js                                                                         [39m[1m[2m  0.64 kB[22m[1m[22m
[2m.svelte-kit/output/server/[22m[36mchunks/calendar.js                                                                     [39m[1m[2m  0.65 kB[22m[1m[22m
[2m.svelte-kit/output/server/[22m[36mchunks/userSettings.js                                                                 [39m[1m[2m  0.70 kB[22m[1m[22m
[2m.svelte-kit/output/server/[22m[36mchunks/codes.js                                                                        [39m[1m[2m  0.77 kB[22m[1m[22m
[2m.svelte-kit/output/server/[22m[36mentries/endpoints/api/family/search/_server.ts.js                                      [39m[1m[2m  0.78 kB[22m[1m[22m
[2m.svelte-kit/output/server/[22m[36mentries/endpoints/api/family/join/_server.ts.js                                        [39m[1m[2m  0.82 kB[22m[1m[22m
[2m.svelte-kit/output/server/[22m[36mchunks/createNewUser.js                                                                [39m[1m[2m  0.84 kB[22m[1m[22m
[2m.svelte-kit/output/server/[22m[36mchunks/users.js                                                                        [39m[1m[2m  0.88 kB[22m[1m[22m
[2m.svelte-kit/output/server/[22m[36mentries/pages/(family)/_layout.svelte.js                                               [39m[1m[2m  1.15 kB[22m[1m[22m
[2m.svelte-kit/output/server/[22m[36mentries/fallbacks/error.svelte.js                                                      [39m[1m[2m  1.20 kB[22m[1m[22m
[2m.svelte-kit/output/server/[22m[36mchunks/client.js                                                                       [39m[1m[2m  1.24 kB[22m[1m[22m
[2m.svelte-kit/output/server/[22m[36mchunks/events.js                                                                       [39m[1m[2m  1.38 kB[22m[1m[22m
[2m.svelte-kit/output/server/[22m[36mchunks/hooks.server.js                                                                 [39m[1m[2m  1.43 kB[22m[1m[22m
[2m.svelte-kit/output/server/[22m[36mentries/endpoints/(family)/family/_familyId_/members/add/direct/_server.ts.js          [39m[1m[2m  1.43 kB[22m[1m[22m
[2m.svelte-kit/output/server/[22m[36mentries/endpoints/(marketing)/login/password/_server.ts.js                             [39m[1m[2m  1.54 kB[22m[1m[22m
[2m.svelte-kit/output/server/[22m[36mentries/pages/(marketing)/_layout.svelte.js                                            [39m[1m[2m  1.63 kB[22m[1m[22m
[2m.svelte-kit/output/server/[22m[36mentries/pages/api/contact/_page.server.ts.js                                           [39m[1m[2m  1.66 kB[22m[1m[22m
[2m.svelte-kit/output/server/[22m[36mentries/pages/(marketing)/pricing/_page.server.ts.js                                   [39m[1m[2m  1.67 kB[22m[1m[22m
[2m.svelte-kit/output/server/[22m[36mentries/endpoints/(marketing)/login/email/code/_server.ts.js                           [39m[1m[2m  1.75 kB[22m[1m[22m
[2m.svelte-kit/output/server/[22m[36mentries/endpoints/(marketing)/signup/password/_server.ts.js                            [39m[1m[2m  1.81 kB[22m[1m[22m
[2m.svelte-kit/output/server/[22m[36mentries/pages/(marketing)/checkout/_page.server.ts.js                                  [39m[1m[2m  1.82 kB[22m[1m[22m
[2m.svelte-kit/output/server/[22m[36mentries/pages/(family)/family/create/_page.server.ts.js                                [39m[1m[2m  1.94 kB[22m[1m[22m
[2m.svelte-kit/output/server/[22m[36mentries/pages/(calendar)/calendar/archive/_page.server.ts.js                           [39m[1m[2m  2.02 kB[22m[1m[22m
[2m.svelte-kit/output/server/[22m[36mentries/endpoints/api/family/invite/_server.ts.js                                      [39m[1m[2m  2.04 kB[22m[1m[22m
[2m.svelte-kit/output/server/[22m[36mentries/endpoints/(marketing)/signup/email/code/_server.ts.js                          [39m[1m[2m  2.10 kB[22m[1m[22m
[2m.svelte-kit/output/server/[22m[36mentries/endpoints/(family)/family/_familyId_/members/add/email/_server.ts.js           [39m[1m[2m  2.14 kB[22m[1m[22m
[2m.svelte-kit/output/server/[22m[36mchunks/index.js                                                                        [39m[1m[2m  2.34 kB[22m[1m[22m
[2m.svelte-kit/output/server/[22m[36mentries/endpoints/(family)/family/_familyId_/members/add/email/callback/_server.ts.js  [39m[1m[2m  2.39 kB[22m[1m[22m
[2m.svelte-kit/output/server/[22m[36mentries/pages/(calendar)/calendar/event/_id_/_page.server.ts.js                        [39m[1m[2m  2.44 kB[22m[1m[22m
[2m.svelte-kit/output/server/[22m[36mentries/pages/(calendar)/calendar/_layout.svelte.js                                    [39m[1m[2m  2.46 kB[22m[1m[22m
[2m.svelte-kit/output/server/[22m[36mchunks/Breadcrumbs.js                                                                  [39m[1m[2m  2.51 kB[22m[1m[22m
[2m.svelte-kit/output/server/[22m[36mentries/pages/(family)/family/_familyId_/_page.server.ts.js                            [39m[1m[2m  2.55 kB[22m[1m[22m
[2m.svelte-kit/output/server/[22m[36mentries/endpoints/(marketing)/login/email/callback/_server.ts.js                       [39m[1m[2m  2.66 kB[22m[1m[22m
[2m.svelte-kit/output/server/[22m[36mentries/endpoints/(marketing)/signup/email/callback/_server.ts.js                      [39m[1m[2m  2.69 kB[22m[1m[22m
[2m.svelte-kit/output/server/[22m[36mentries/endpoints/(marketing)/login/email/_server.ts.js                                [39m[1m[2m  2.74 kB[22m[1m[22m
[2m.svelte-kit/output/server/[22m[36mentries/pages/(calendar)/calendar/event/edit/_id_/_page.server.ts.js                   [39m[1m[2m  2.78 kB[22m[1m[22m
[2m.svelte-kit/output/server/[22m[36mentries/pages/(calendar)/account/verify-email/_page.server.ts.js                       [39m[1m[2m  2.82 kB[22m[1m[22m
[2m.svelte-kit/output/server/[22m[36mentries/endpoints/(marketing)/signup/email/_server.ts.js                               [39m[1m[2m  3.00 kB[22m[1m[22m
[2m.svelte-kit/output/server/[22m[36mentries/pages/(calendar)/calendar/settings/_page.server.ts.js                          [39m[1m[2m  3.54 kB[22m[1m[22m
[2m.svelte-kit/output/server/[22m[36mchunks/subscriptionService.js                                                          [39m[1m[2m  3.55 kB[22m[1m[22m
[2m.svelte-kit/output/server/[22m[36mentries/pages/(marketing)/family/join/_code_/_page.svelte.js                           [39m[1m[2m  3.59 kB[22m[1m[22m
[2m.svelte-kit/output/server/[22m[36mchunks/families.js                                                                     [39m[1m[2m  3.65 kB[22m[1m[22m
[2m.svelte-kit/output/server/[22m[36mentries/pages/(calendar)/calendar/event/new/_page.server.ts.js                         [39m[1m[2m  4.00 kB[22m[1m[22m
[2m.svelte-kit/output/server/[22m[36mentries/pages/(calendar)/calendar/archive/_page.svelte.js                              [39m[1m[2m  4.52 kB[22m[1m[22m
[2m.svelte-kit/output/server/[22m[36mentries/pages/(calendar)/account/verify-email/_page.svelte.js                          [39m[1m[2m  5.04 kB[22m[1m[22m
[2m.svelte-kit/output/server/[22m[36mentries/pages/(calendar)/account/_page.server.ts.js                                    [39m[1m[2m  5.12 kB[22m[1m[22m
[2m.svelte-kit/output/server/[22m[36mentries/pages/(marketing)/login/_page.svelte.js                                        [39m[1m[2m  5.64 kB[22m[1m[22m
[2m.svelte-kit/output/server/[22m[36mentries/pages/(marketing)/waitlist/_page.server.ts.js                                  [39m[1m[2m  5.75 kB[22m[1m[22m
[2m.svelte-kit/output/server/[22m[36mchunks/checkoutService.js                                                              [39m[1m[2m  5.89 kB[22m[1m[22m
[2m.svelte-kit/output/server/[22m[36mchunks/Navbar.js                                                                       [39m[1m[2m  7.00 kB[22m[1m[22m
[2m.svelte-kit/output/server/[22m[36mchunks/exports.js                                                                      [39m[1m[2m  7.01 kB[22m[1m[22m
[2m.svelte-kit/output/server/[22m[36mentries/pages/(family)/family/_familyId_/members/add/_page.svelte.js                   [39m[1m[2m  7.18 kB[22m[1m[22m
[2m.svelte-kit/output/server/[22m[36mentries/pages/(family)/family/invitations/_page.svelte.js                              [39m[1m[2m  7.20 kB[22m[1m[22m
[2m.svelte-kit/output/server/[22m[36mentries/pages/(family)/family/_page.svelte.js                                          [39m[1m[2m  7.25 kB[22m[1m[22m
[2m.svelte-kit/output/server/[22m[36mentries/pages/(marketing)/about/_page.svelte.js                                        [39m[1m[2m  7.84 kB[22m[1m[22m
[2m.svelte-kit/output/server/[22m[36mentries/pages/(marketing)/signup/_page.svelte.js                                       [39m[1m[2m  8.37 kB[22m[1m[22m
[2m.svelte-kit/output/server/[22m[36mentries/pages/(family)/family/create/_page.svelte.js                                   [39m[1m[2m  8.61 kB[22m[1m[22m
[2m.svelte-kit/output/server/[22m[36mentries/pages/(marketing)/contact/_page.svelte.js                                      [39m[1m[2m  9.33 kB[22m[1m[22m
[2m.svelte-kit/output/server/[22m[36mentries/pages/(calendar)/calendar/_page.server.ts.js                                   [39m[1m[2m  9.76 kB[22m[1m[22m
[2m.svelte-kit/output/server/[22m[36mentries/pages/(calendar)/calendar/event/new/_page.svelte.js                            [39m[1m[2m 10.52 kB[22m[1m[22m
[2m.svelte-kit/output/server/[22m[36mentries/pages/(family)/family/_familyId_/_page.svelte.js                               [39m[1m[2m 10.70 kB[22m[1m[22m
[2m.svelte-kit/output/server/[22m[36mentries/pages/(marketing)/waitlist/_page.svelte.js                                     [39m[1m[2m 10.80 kB[22m[1m[22m
[2m.svelte-kit/output/server/[22m[36mentries/pages/(marketing)/checkout/_page.svelte.js                                     [39m[1m[2m 11.52 kB[22m[1m[22m
[2m.svelte-kit/output/server/[22m[36mentries/pages/(calendar)/calendar/event/_id_/_page.svelte.js                           [39m[1m[2m 11.86 kB[22m[1m[22m
[2m.svelte-kit/output/server/[22m[36mentries/pages/(calendar)/calendar/event/edit/_id_/_page.svelte.js                      [39m[1m[2m 12.72 kB[22m[1m[22m
[2m.svelte-kit/output/server/[22m[36mchunks/schema.js                                                                       [39m[1m[2m 13.18 kB[22m[1m[22m
[2m.svelte-kit/output/server/[22m[36mentries/pages/(calendar)/account/_page.svelte.js                                       [39m[1m[2m 14.99 kB[22m[1m[22m
[2m.svelte-kit/output/server/[22m[36mchunks/internal.js                                                                     [39m[1m[2m 17.21 kB[22m[1m[22m
[2m.svelte-kit/output/server/[22m[36mentries/pages/(calendar)/calendar/_page.svelte.js                                      [39m[1m[2m 17.25 kB[22m[1m[22m
[2m.svelte-kit/output/server/[22m[36mentries/endpoints/api/parse-event/_server.ts.js                                        [39m[1m[2m 20.17 kB[22m[1m[22m
[2m.svelte-kit/output/server/[22m[36mentries/pages/(calendar)/calendar/settings/_page.svelte.js                             [39m[1m[2m 23.85 kB[22m[1m[22m
[2m.svelte-kit/output/server/[22m[36mentries/pages/(marketing)/pricing/_page.svelte.js                                      [39m[1m[2m 32.87 kB[22m[1m[22m
[2m.svelte-kit/output/server/[22m[36mentries/pages/(marketing)/_page.svelte.js                                              [39m[1m[2m 37.96 kB[22m[1m[22m
[2m.svelte-kit/output/server/[22m[36mchunks/index2.js                                                                       [39m[1m[2m 50.19 kB[22m[1m[22m
[2m.svelte-kit/output/server/[22m[36mindex.js                                                                               [39m[1m[2m103.52 kB[22m[1m[22m
[32mΓ£ô built in 7.47s[39m

Run npm run preview to preview your production build locally.

> Using @sveltejs/adapter-vercel
  Γ£ö done
